// Jest Snapshot v1, https://goo.gl/fbAQLP

exports[`Navbar matches snapshot 1`] = `
<DocumentFragment>
  <div
    class="css-fl07t2"
  >
    <div
      class="css-jfo7z"
    >
      <div
        class="css-kbn7if"
      >
        MeinUnterricht
      </div>
    </div>
  </div>
</DocumentFragment>
`;
